// Jest Snapshot v1, https://goo.gl/fbAQLP

exports[`Welcome renders correctly 1`] = `
<View
  style={
    Object {
      "alignItems": "center",
      "backgroundColor": "#ecf0f1",
      "flex": 1,
      "flexDirection": "column",
      "justifyContent": "center",
      "paddingBottom": 50,
    }
  }
>
  <View
    style={
      Object {
        "alignItems": "center",
        "backgroundColor": "#ecf0f1",
        "flex": 1,
        "flexDirection": "column",
        "justifyContent": "center",
        "paddingBottom": 50,
      }
    }
  >
    <Image
      source={1}
      style={
        Object {
          "height": 200,
          "width": 200,
        }
      }
    />
  </View>
  <Text
    accessible={true}
    allowFontScaling={true}
    ellipsizeMode="tail"
    style={
      Object {
        "color": "#7f8c8d",
        "fontSize": 14,
        "height": 20,
        "textAlign": "center",
        "width": 200,
      }
    }
  >
    start by adding new profile
  </Text>
</View>
`;
